Archive member included to satisfy reference by file (symbol)

C:/ST/STM32CubeCLT_1.16.0/GNU-tools-for-STM32/bin/../lib/gcc/arm-none-eabi/12.3.1/../../../../arm-none-eabi/lib/thumb/v7e-m+fp/hard\libc_nano.a(libc_a-exit.o)
                              C:/ST/STM32CubeCLT_1.16.0/GNU-tools-for-STM32/bin/../lib/gcc/arm-none-eabi/12.3.1/../../../../arm-none-eabi/lib/thumb/v7e-m+fp/hard/crt0.o (exit)
C:/ST/STM32CubeCLT_1.16.0/GNU-tools-for-STM32/bin/../lib/gcc/arm-none-eabi/12.3.1/../../../../arm-none-eabi/lib/thumb/v7e-m+fp/hard\libc_nano.a(libc_a-findfp.o)
                              C:/ST/STM32CubeCLT_1.16.0/GNU-tools-for-STM32/bin/../lib/gcc/arm-none-eabi/12.3.1/../../../../arm-none-eabi/lib/thumb/v7e-m+fp/hard\libc_nano.a(libc_a-exit.o) (__stdio_exit_handler)
C:/ST/STM32CubeCLT_1.16.0/GNU-tools-for-STM32/bin/../lib/gcc/arm-none-eabi/12.3.1/../../../../arm-none-eabi/lib/thumb/v7e-m+fp/hard\libc_nano.a(libc_a-fwalk.o)
                              C:/ST/STM32CubeCLT_1.16.0/GNU-tools-for-STM32/bin/../lib/gcc/arm-none-eabi/12.3.1/../../../../arm-none-eabi/lib/thumb/v7e-m+fp/hard\libc_nano.a(libc_a-findfp.o) (_fwalk_sglue)
C:/ST/STM32CubeCLT_1.16.0/GNU-tools-for-STM32/bin/../lib/gcc/arm-none-eabi/12.3.1/../../../../arm-none-eabi/lib/thumb/v7e-m+fp/hard\libc_nano.a(libc_a-stdio.o)
                              C:/ST/STM32CubeCLT_1.16.0/GNU-tools-for-STM32/bin/../lib/gcc/arm-none-eabi/12.3.1/../../../../arm-none-eabi/lib/thumb/v7e-m+fp/hard\libc_nano.a(libc_a-findfp.o) (__sread)
C:/ST/STM32CubeCLT_1.16.0/GNU-tools-for-STM32/bin/../lib/gcc/arm-none-eabi/12.3.1/../../../../arm-none-eabi/lib/thumb/v7e-m+fp/hard\libc_nano.a(libc_a-memset.o)
                              C:/ST/STM32CubeCLT_1.16.0/GNU-tools-for-STM32/bin/../lib/gcc/arm-none-eabi/12.3.1/../../../../arm-none-eabi/lib/thumb/v7e-m+fp/hard/crt0.o (memset)
C:/ST/STM32CubeCLT_1.16.0/GNU-tools-for-STM32/bin/../lib/gcc/arm-none-eabi/12.3.1/../../../../arm-none-eabi/lib/thumb/v7e-m+fp/hard\libc_nano.a(libc_a-closer.o)
                              C:/ST/STM32CubeCLT_1.16.0/GNU-tools-for-STM32/bin/../lib/gcc/arm-none-eabi/12.3.1/../../../../arm-none-eabi/lib/thumb/v7e-m+fp/hard\libc_nano.a(libc_a-stdio.o) (_close_r)
C:/ST/STM32CubeCLT_1.16.0/GNU-tools-for-STM32/bin/../lib/gcc/arm-none-eabi/12.3.1/../../../../arm-none-eabi/lib/thumb/v7e-m+fp/hard\libc_nano.a(libc_a-reent.o)
                              C:/ST/STM32CubeCLT_1.16.0/GNU-tools-for-STM32/bin/../lib/gcc/arm-none-eabi/12.3.1/../../../../arm-none-eabi/lib/thumb/v7e-m+fp/hard\libc_nano.a(libc_a-closer.o) (errno)
C:/ST/STM32CubeCLT_1.16.0/GNU-tools-for-STM32/bin/../lib/gcc/arm-none-eabi/12.3.1/../../../../arm-none-eabi/lib/thumb/v7e-m+fp/hard\libc_nano.a(libc_a-impure.o)
                              C:/ST/STM32CubeCLT_1.16.0/GNU-tools-for-STM32/bin/../lib/gcc/arm-none-eabi/12.3.1/../../../../arm-none-eabi/lib/thumb/v7e-m+fp/hard\libc_nano.a(libc_a-reent.o) (_impure_ptr)
C:/ST/STM32CubeCLT_1.16.0/GNU-tools-for-STM32/bin/../lib/gcc/arm-none-eabi/12.3.1/../../../../arm-none-eabi/lib/thumb/v7e-m+fp/hard\libc_nano.a(libc_a-lseekr.o)
                              C:/ST/STM32CubeCLT_1.16.0/GNU-tools-for-STM32/bin/../lib/gcc/arm-none-eabi/12.3.1/../../../../arm-none-eabi/lib/thumb/v7e-m+fp/hard\libc_nano.a(libc_a-stdio.o) (_lseek_r)
C:/ST/STM32CubeCLT_1.16.0/GNU-tools-for-STM32/bin/../lib/gcc/arm-none-eabi/12.3.1/../../../../arm-none-eabi/lib/thumb/v7e-m+fp/hard\libc_nano.a(libc_a-readr.o)
                              C:/ST/STM32CubeCLT_1.16.0/GNU-tools-for-STM32/bin/../lib/gcc/arm-none-eabi/12.3.1/../../../../arm-none-eabi/lib/thumb/v7e-m+fp/hard\libc_nano.a(libc_a-stdio.o) (_read_r)
C:/ST/STM32CubeCLT_1.16.0/GNU-tools-for-STM32/bin/../lib/gcc/arm-none-eabi/12.3.1/../../../../arm-none-eabi/lib/thumb/v7e-m+fp/hard\libc_nano.a(libc_a-writer.o)
                              C:/ST/STM32CubeCLT_1.16.0/GNU-tools-for-STM32/bin/../lib/gcc/arm-none-eabi/12.3.1/../../../../arm-none-eabi/lib/thumb/v7e-m+fp/hard\libc_nano.a(libc_a-stdio.o) (_write_r)
C:/ST/STM32CubeCLT_1.16.0/GNU-tools-for-STM32/bin/../lib/gcc/arm-none-eabi/12.3.1/../../../../arm-none-eabi/lib/thumb/v7e-m+fp/hard\libc_nano.a(libc_a-init.o)
                              C:/ST/STM32CubeCLT_1.16.0/GNU-tools-for-STM32/bin/../lib/gcc/arm-none-eabi/12.3.1/../../../../arm-none-eabi/lib/thumb/v7e-m+fp/hard/crt0.o (__libc_init_array)
C:/ST/STM32CubeCLT_1.16.0/GNU-tools-for-STM32/bin/../lib/gcc/arm-none-eabi/12.3.1/../../../../arm-none-eabi/lib/thumb/v7e-m+fp/hard\libc_nano.a(libc_a-lock.o)
                              C:/ST/STM32CubeCLT_1.16.0/GNU-tools-for-STM32/bin/../lib/gcc/arm-none-eabi/12.3.1/../../../../arm-none-eabi/lib/thumb/v7e-m+fp/hard\libc_nano.a(libc_a-findfp.o) (__retarget_lock_init_recursive)
C:/ST/STM32CubeCLT_1.16.0/GNU-tools-for-STM32/bin/../lib/gcc/arm-none-eabi/12.3.1/../../../../arm-none-eabi/lib/thumb/v7e-m+fp/hard\libc_nano.a(libc_a-freer.o)
[...]
Memory Configuration

Name             Origin             Length             Attributes
RAM              0x20000000         0x00020000         xrw
FLASH            0x08000000         0x00080000         xr
*default*        0x00000000         0xffffffff

Linker script and memory map

LOAD C:/ST/STM32CubeCLT_1.16.0/GNU-tools-for-STM32/bin/../lib/gcc/arm-none-eabi/12.3.1/thumb/v7e-m+fp/hard/crti.o
LOAD C:/ST/STM32CubeCLT_1.16.0/GNU-tools-for-STM32/bin/../lib/gcc/arm-none-eabi/12.3.1/thumb/v7e-m+fp/hard/crtbegin.o
LOAD C:/ST/STM32CubeCLT_1.16.0/GNU-tools-for-STM32/bin/../lib/gcc/arm-none-eabi/12.3.1/../../../../arm-none-eabi/lib/thumb/v7e-m+fp/hard/crt0.o
START GROUP
LOAD C:/ST/STM32CubeCLT_1.16.0/GNU-tools-for-STM32/bin/../lib/gcc/arm-none-eabi/12.3.1/../../../../arm-none-eabi/lib/thumb/v7e-m+fp/hard\libc_nano.a
LOAD C:/ST/STM32CubeCLT_1.16.0/GNU-tools-for-STM32/bin/../lib/gcc/arm-none-eabi/12.3.1/../../../../arm-none-eabi/lib/thumb/v7e-m+fp/hard\libm.a
END GROUP
LOAD CMakeFiles/battery_management_system_25.dir/Core/Src/main.c.obj
LOAD CMakeFiles/battery_management_system_25.dir/Core/Src/stm32f4xx_it.c.obj
LOAD CMakeFiles/battery_management_system_25.dir/Core/Src/stm32f4xx_hal_msp.c.obj
LOAD CMakeFiles/battery_management_system_25.dir/Drivers/STM32F4xx_HAL_Driver/Src/stm32f4xx_hal_tim.c.obj
LOAD CMakeFiles/battery_management_system_25.dir/Drivers/STM32F4xx_HAL_Driver/Src/stm32f4xx_hal_tim_ex.c.obj
LOAD CMakeFiles/battery_management_system_25.dir/Drivers/STM32F4xx_HAL_Driver/Src/stm32f4xx_hal_rcc.c.obj
LOAD CMakeFiles/battery_management_system_25.dir/Drivers/STM32F4xx_HAL_Driver/Src/stm32f4xx_hal_rcc_ex.c.obj
LOAD CMakeFiles/battery_management_system_25.dir/Drivers/STM32F4xx_HAL_Driver/Src/stm32f4xx_hal_flash.c.obj
LOAD CMakeFiles/battery_management_system_25.dir/Drivers/STM32F4xx_HAL_Driver/Src/stm32f4xx_hal_flash_ex.c.obj
LOAD CMakeFiles/battery_management_system_25.dir/Drivers/STM32F4xx_HAL_Driver/Src/stm32f4xx_hal_flash_ramfunc.c.obj
LOAD CMakeFiles/battery_management_system_25.dir/Drivers/STM32F4xx_HAL_Driver/Src/stm32f4xx_hal_gpio.c.obj
LOAD CMakeFiles/battery_management_system_25.dir/Drivers/STM32F4xx_HAL_Driver/Src/stm32f4xx_hal_dma_ex.c.obj
LOAD CMakeFiles/battery_management_system_25.dir/Drivers/STM32F4xx_HAL_Driver/Src/stm32f4xx_hal_dma.c.obj
LOAD CMakeFiles/battery_management_system_25.dir/Drivers/STM32F4xx_HAL_Driver/Src/stm32f4xx_hal_pwr.c.obj
LOAD CMakeFiles/battery_management_system_25.dir/Drivers/STM32F4xx_HAL_Driver/Src/stm32f4xx_hal_pwr_ex.c.obj
LOAD CMakeFiles/battery_management_system_25.dir/Drivers/STM32F4xx_HAL_Driver/Src/stm32f4xx_hal_cortex.c.obj
LOAD CMakeFiles/battery_management_system_25.dir/Drivers/STM32F4xx_HAL_Driver/Src/stm32f4xx_hal.c.obj
LOAD CMakeFiles/battery_management_system_25.dir/Drivers/STM32F4xx_HAL_Driver/Src/stm32f4xx_hal_exti.c.obj
LOAD CMakeFiles/battery_management_system_25.dir/Core/Src/system_stm32f4xx.c.obj
LOAD CMakeFiles/battery_management_system_25.dir/Core/Src/sysmem.c.obj
LOAD CMakeFiles/battery_management_system_25.dir/Core/Src/syscalls.c.obj
LOAD CMakeFiles/battery_management_system_25.dir/startup_stm32f446xx.s.obj
START GROUP
LOAD C:/ST/STM32CubeCLT_1.16.0/GNU-tools-for-STM32/bin/../lib/gcc/arm-none-eabi/12.3.1/thumb/v7e-m+fp/hard\libgcc.a
LOAD C:/ST/STM32CubeCLT_1.16.0/GNU-tools-for-STM32/bin/../lib/gcc/arm-none-eabi/12.3.1/../../../../arm-none-eabi/lib/thumb/v7e-m+fp/hard\libg_nano.a
LOAD C:/ST/STM32CubeCLT_1.16.0/GNU-tools-for-STM32/bin/../lib/gcc/arm-none-eabi/12.3.1/../../../../arm-none-eabi/lib/thumb/v7e-m+fp/hard\libc_nano.a
END GROUP
START GROUP
LOAD C:/ST/STM32CubeCLT_1.16.0/GNU-tools-for-STM32/bin/../lib/gcc/arm-none-eabi/12.3.1/thumb/v7e-m+fp/hard\libgcc.a
LOAD C:/ST/STM32CubeCLT_1.16.0/GNU-tools-for-STM32/bin/../lib/gcc/arm-none-eabi/12.3.1/../../../../arm-none-eabi/lib/thumb/v7e-m+fp/hard\libc_nano.a
END GROUP
LOAD C:/ST/STM32CubeCLT_1.16.0/GNU-tools-for-STM32/bin/../lib/gcc/arm-none-eabi/12.3.1/thumb/v7e-m+fp/hard/crtend.o
LOAD C:/ST/STM32CubeCLT_1.16.0/GNU-tools-for-STM32/bin/../lib/gcc/arm-none-eabi/12.3.1/thumb/v7e-m+fp/hard/crtn.o
                0x20020000                        _estack = (ORIGIN (RAM) + LENGTH (RAM))
                0x00000200                        _Min_Heap_Size = 0x200
                0x00000400                        _Min_Stack_Size = 0x400

.isr_vector     0x08000000      0x1c4
                0x08000000                        . = ALIGN (0x4)
 *(.isr_vector)
 .isr_vector    0x08000000      0x1c4 CMakeFiles/battery_management_system_25.dir/startup_stm32f446xx.s.obj
                0x08000000                g_pfnVectors
                0x080001c4                        . = ALIGN (0x4)

.text           0x080001c4     0x12b0
                0x080001c4                        . = ALIGN (0x4)
 *(.text)
 .text          0x080001c4       0x40 C:/ST/STM32CubeCLT_1.16.0/GNU-tools-for-STM32/bin/../lib/gcc/arm-none-eabi/12.3.1/thumb/v7e-m+fp/hard/crtbegin.o
 .text          0x08000204       0x30 C:/ST/STM32CubeCLT_1.16.0/GNU-tools-for-STM32/bin/../lib/gcc/arm-none-eabi/12.3.1/thumb/v7e-m+fp/hard\libgcc.a(_aeabi_uldivmod.o)
                0x08000204                __aeabi_uldivmod
 .text          0x08000234      0x2bc C:/ST/STM32CubeCLT_1.16.0/GNU-tools-for-STM32/bin/../lib/gcc/arm-none-eabi/12.3.1/thumb/v7e-m+fp/hard\libgcc.a(_udivmoddi4.o)
                0x08000234                __udivmoddi4
 .text          0x080004f0        0x4 C:/ST/STM32CubeCLT_1.16.0/GNU-tools-for-STM32/bin/../lib/gcc/arm-none-eabi/12.3.1/thumb/v7e-m+fp/hard\libgcc.a(_dvmd_tls.o)
                0x080004f0                __aeabi_idiv0
                0x080004f0                __aeabi_ldiv0
 *(.text*)
 .text.memset   0x080004f4       0x10 C:/ST/STM32CubeCLT_1.16.0/GNU-tools-for-STM32/bin/../lib/gcc/arm-none-eabi/12.3.1/../../../../arm-none-eabi/lib/thumb/v7e-m+fp/hard\libc_nano.a(libc_a-memset.o)
                0x080004f4                memset
 .text.__libc_init_array
                0x08000504       0x48 C:/ST/STM32CubeCLT_1.16.0/GNU-tools-for-STM32/bin/../lib/gcc/arm-none-eabi/12.3.1/../../../../arm-none-eabi/lib/thumb/v7e-m+fp/hard\libc_nano.a(libc_a-init.o)
                0x08000504                __libc_init_array
 .text.main     0x0800054c       0x10 CMakeFiles/battery_management_system_25.dir/Core/Src/main.c.obj
                0x0800054c                main
 .text.SystemClock_Config
                0x0800055c       0xc0 CMakeFiles/battery_management_system_25.dir/Core/Src/main.c.obj
                0x0800055c                SystemClock_Config
 .text.Error_Handler
                0x0800061c        0xc CMakeFiles/battery_management_system_25.dir/Core/Src/main.c.obj
                0x0800061c                Error_Handler
 .text.NMI_Handler
                0x08000628        0x8 CMakeFiles/battery_management_system_25.dir/Core/Src/stm32f4xx_it.c.obj
                0x08000628                NMI_Handler
 .text.HardFault_Handler
                0x08000630        0x8 CMakeFiles/battery_management_system_25.dir/Core/Src/stm32f4xx_it.c.obj
                0x08000630                HardFault_Handler
 .text.MemManage_Handler
                0x08000638        0x8 CMakeFiles/battery_management_system_25.dir/Core/Src/stm32f4xx_it.c.obj
                0x08000638                MemManage_Handler
 .text.BusFault_Handler
                0x08000640        0x8 CMakeFiles/battery_management_system_25.dir/Core/Src/stm32f4xx_it.c.obj
                0x08000640                BusFault_Handler
 .text.UsageFault_Handler
                0x08000648        0x8 CMakeFiles/battery_management_system_25.dir/Core/Src/stm32f4xx_it.c.obj
                0x08000648                UsageFault_Handler
 .text.SVC_Handler
                0x08000650        0xe CMakeFiles/battery_management_system_25.dir/Core/Src/stm32f4xx_it.c.obj
                0x08000650                SVC_Handler
 .text.DebugMon_Handler
                0x0800065e        0xe CMakeFiles/battery_management_system_25.dir/Core/Src/stm32f4xx_it.c.obj
                0x0800065e                DebugMon_Handler
 .text.PendSV_Handler
                0x0800066c        0xe CMakeFiles/battery_management_system_25.dir/Core/Src/stm32f4xx_it.c.obj
                0x0800066c                PendSV_Handler
 .text.SysTick_Handler
                0x0800067a        0xc CMakeFiles/battery_management_system_25.dir/Core/Src/stm32f4xx_it.c.obj
                0x0800067a                SysTick_Handler
 *fill*         0x08000686        0x2 
 .text.HAL_MspInit
                0x08000688       0x50 CMakeFiles/battery_management_system_25.dir/Core/Src/stm32f4xx_hal_msp.c.obj
                0x08000688                HAL_MspInit
 .text.HAL_RCC_ClockConfig
                0x080006d8      0x1cc CMakeFiles/battery_management_system_25.dir/Drivers/STM32F4xx_HAL_Driver/Src/stm32f4xx_hal_rcc.c.obj
                0x080006d8                HAL_RCC_ClockConfig
 .text.HAL_RCC_GetSysClockFreq
                0x080008a4      0x354 CMakeFiles/battery_management_system_25.dir/Drivers/STM32F4xx_HAL_Driver/Src/stm32f4xx_hal_rcc_ex.c.obj
                0x080008a4                HAL_RCC_GetSysClockFreq
 .text.HAL_RCC_OscConfig
                0x08000bf8      0x53c CMakeFiles/battery_management_system_25.dir/Drivers/STM32F4xx_HAL_Driver/Src/stm32f4xx_hal_rcc_ex.c.obj
                0x08000bf8                HAL_RCC_OscConfig
 .text.__NVIC_SetPriorityGrouping
                0x08001134       0x48 CMakeFiles/battery_management_system_25.dir/Drivers/STM32F4xx_HAL_Driver/Src/stm32f4xx_hal_cortex.c.obj
 .text.__NVIC_GetPriorityGrouping
                0x0800117c       0x1c CMakeFiles/battery_management_system_25.dir/Drivers/STM32F4xx_HAL_Driver/Src/stm32f4xx_hal_cortex.c.obj
 .text.__NVIC_SetPriority
                0x08001198       0x54 CMakeFiles/battery_management_system_25.dir/Drivers/STM32F4xx_HAL_Driver/Src/stm32f4xx_hal_cortex.c.obj
 .text.NVIC_EncodePriority
                0x080011ec       0x66 CMakeFiles/battery_management_system_25.dir/Drivers/STM32F4xx_HAL_Driver/Src/stm32f4xx_hal_cortex.c.obj
 *fill*         0x08001252        0x2 
 .text.SysTick_Config
                0x08001254       0x44 CMakeFiles/battery_management_system_25.dir/Drivers/STM32F4xx_HAL_Driver/Src/stm32f4xx_hal_cortex.c.obj
 .text.HAL_NVIC_SetPriorityGrouping
                0x08001298       0x16 CMakeFiles/battery_management_system_25.dir/Drivers/STM32F4xx_HAL_Driver/Src/stm32f4xx_hal_cortex.c.obj
                0x08001298                HAL_NVIC_SetPriorityGrouping
 .text.HAL_NVIC_SetPriority
                0x080012ae       0x38 CMakeFiles/battery_management_system_25.dir/Drivers/STM32F4xx_HAL_Driver/Src/stm32f4xx_hal_cortex.c.obj
                0x080012ae                HAL_NVIC_SetPriority
 .text.HAL_SYSTICK_Config
                0x080012e6       0x18 CMakeFiles/battery_management_system_25.dir/Drivers/STM32F4xx_HAL_Driver/Src/stm32f4xx_hal_cortex.c.obj
                0x080012e6                HAL_SYSTICK_Config
 *fill*         0x080012fe        0x2 
 .text.HAL_Init
                0x08001300       0x44 CMakeFiles/battery_management_system_25.dir/Drivers/STM32F4xx_HAL_Driver/Src/stm32f4xx_hal.c.obj
                0x08001300                HAL_Init
 .text.HAL_InitTick
                0x08001344       0x60 CMakeFiles/battery_management_system_25.dir/Drivers/STM32F4xx_HAL_Driver/Src/stm32f4xx_hal.c.obj
                0x08001344                HAL_InitTick
 .text.HAL_IncTick
                0x080013a4       0x28 CMakeFiles/battery_management_system_25.dir/Drivers/STM32F4xx_HAL_Driver/Src/stm32f4xx_hal.c.obj
                0x080013a4                HAL_IncTick
 .text.HAL_GetTick
                0x080013cc       0x18 CMakeFiles/battery_management_system_25.dir/Drivers/STM32F4xx_HAL_Driver/Src/stm32f4xx_hal.c.obj
                0x080013cc                HAL_GetTick
 .text.SystemInit
                0x080013e4       0x24 CMakeFiles/battery_management_system_25.dir/Core/Src/system_stm32f4xx.c.obj
                0x080013e4                SystemInit
 .text.Reset_Handler
                0x08001408       0x50 CMakeFiles/battery_management_system_25.dir/startup_stm32f446xx.s.obj
                0x08001408                Reset_Handler
 .text.Default_Handler
                0x08001458        0x2 CMakeFiles/battery_management_system_25.dir/startup_stm32f446xx.s.obj
                0x08001458                RTC_Alarm_IRQHandler
                0x08001458                EXTI2_IRQHandler
                0x08001458                TIM8_CC_IRQHandler
                0x08001458                FMPI2C1_EV_IRQHandler
                0x08001458                SPI4_IRQHandler
                0x08001458                TIM1_CC_IRQHandler
                0x08001458                DMA2_Stream5_IRQHandler
                0x08001458                DMA1_Stream5_IRQHandler
                0x08001458                PVD_IRQHandler
                0x08001458                SDIO_IRQHandler
                0x08001458                TAMP_STAMP_IRQHandler
                0x08001458                CAN2_RX1_IRQHandler
                0x08001458                EXTI3_IRQHandler
                0x08001458                TIM8_TRG_COM_TIM14_IRQHandler
                0x08001458                TIM1_UP_TIM10_IRQHandler
                0x08001458                TIM8_UP_TIM13_IRQHandler
                0x08001458                I2C3_ER_IRQHandler
                0x08001458                EXTI0_IRQHandler
                0x08001458                I2C2_EV_IRQHandler
                0x08001458                DMA1_Stream2_IRQHandler
                0x08001458                CAN1_RX0_IRQHandler
                0x08001458                FPU_IRQHandler
                0x08001458                OTG_HS_WKUP_IRQHandler
                0x08001458                CAN2_SCE_IRQHandler
                0x08001458                DMA2_Stream2_IRQHandler
                0x08001458                SPI1_IRQHandler
                0x08001458                TIM6_DAC_IRQHandler
                0x08001458                TIM1_BRK_TIM9_IRQHandler
                0x08001458                DCMI_IRQHandler
                0x08001458                CAN2_RX0_IRQHandler
                0x08001458                DMA2_Stream3_IRQHandler
                0x08001458                SAI2_IRQHandler
                0x08001458                USART6_IRQHandler
                0x08001458                USART3_IRQHandler
                0x08001458                CAN1_RX1_IRQHandler
                0x08001458                UART5_IRQHandler
                0x08001458                DMA2_Stream0_IRQHandler
                0x08001458                TIM4_IRQHandler
                0x08001458                QUADSPI_IRQHandler
                0x08001458                I2C1_EV_IRQHandler
                0x08001458                DMA1_Stream6_IRQHandler
                0x08001458                DMA1_Stream1_IRQHandler
                0x08001458                UART4_IRQHandler
                0x08001458                TIM3_IRQHandler
                0x08001458                RCC_IRQHandler
                0x08001458                TIM8_BRK_TIM12_IRQHandler
                0x08001458                Default_Handler
                0x08001458                CEC_IRQHandler
                0x08001458                EXTI15_10_IRQHandler
                0x08001458                ADC_IRQHandler
                0x08001458                DMA1_Stream7_IRQHandler
                0x08001458                TIM7_IRQHandler
                0x08001458                CAN2_TX_IRQHandler
                0x08001458                TIM5_IRQHandler
                0x08001458                DMA2_Stream7_IRQHandler
                0x08001458                I2C3_EV_IRQHandler
                0x08001458                EXTI9_5_IRQHandler
                0x08001458                RTC_WKUP_IRQHandler
                0x08001458                SPDIF_RX_IRQHandler
                0x08001458                SPI2_IRQHandler
                0x08001458                OTG_HS_EP1_IN_IRQHandler
                0x08001458                DMA1_Stream0_IRQHandler
                0x08001458                CAN1_TX_IRQHandler
                0x08001458                FMPI2C1_ER_IRQHandler
                0x08001458                EXTI4_IRQHandler
                0x08001458                OTG_HS_EP1_OUT_IRQHandler
                0x08001458                WWDG_IRQHandler
                0x08001458                TIM2_IRQHandler
                0x08001458                OTG_FS_WKUP_IRQHandler
                0x08001458                TIM1_TRG_COM_TIM11_IRQHandler
                0x08001458                OTG_HS_IRQHandler
                0x08001458                EXTI1_IRQHandler
                0x08001458                USART2_IRQHandler
                0x08001458                I2C2_ER_IRQHandler
                0x08001458                DMA2_Stream1_IRQHandler
                0x08001458                CAN1_SCE_IRQHandler
                0x08001458                FLASH_IRQHandler
                0x08001458                DMA2_Stream4_IRQHandler
                0x08001458                USART1_IRQHandler
                0x08001458                OTG_FS_IRQHandler
                0x08001458                SPI3_IRQHandler
                0x08001458                DMA1_Stream4_IRQHandler
                0x08001458                I2C1_ER_IRQHandler
                0x08001458                FMC_IRQHandler
                0x08001458                DMA2_Stream6_IRQHandler
                0x08001458                SAI1_IRQHandler
                0x08001458                DMA1_Stream3_IRQHandler
 *(.glue_7)
 .glue_7        0x0800145a        0x0 linker stubs
 *(.glue_7t)
 .glue_7t       0x0800145a        0x0 linker stubs
 *(.eh_frame)
 *fill*         0x0800145a        0x2 
 .eh_frame      0x0800145c        0x0 C:/ST/STM32CubeCLT_1.16.0/GNU-tools-for-STM32/bin/../lib/gcc/arm-none-eabi/12.3.1/thumb/v7e-m+fp/hard/crtbegin.o
 *(.init)
 .init          0x0800145c        0x4 C:/ST/STM32CubeCLT_1.16.0/GNU-tools-for-STM32/bin/../lib/gcc/arm-none-eabi/12.3.1/thumb/v7e-m+fp/hard/crti.o
                0x0800145c                _init
 .init          0x08001460        0x8 C:/ST/STM32CubeCLT_1.16.0/GNU-tools-for-STM32/bin/../lib/gcc/arm-none-eabi/12.3.1/thumb/v7e-m+fp/hard/crtn.o
 *(.fini)
 .fini          0x08001468        0x4 C:/ST/STM32CubeCLT_1.16.0/GNU-tools-for-STM32/bin/../lib/gcc/arm-none-eabi/12.3.1/thumb/v7e-m+fp/hard/crti.o
                0x08001468                _fini
 .fini          0x0800146c        0x8 C:/ST/STM32CubeCLT_1.16.0/GNU-tools-for-STM32/bin/../lib/gcc/arm-none-eabi/12.3.1/thumb/v7e-m+fp/hard/crtn.o
                0x08001474                        . = ALIGN (0x4)
                0x08001474                        _etext = .

.vfp11_veneer   0x08001474        0x0
 .vfp11_veneer  0x08001474        0x0 linker stubs

.v4_bx          0x08001474        0x0
 .v4_bx         0x08001474        0x0 linker stubs

.iplt           0x08001474        0x0
 .iplt          0x08001474        0x0 C:/ST/STM32CubeCLT_1.16.0/GNU-tools-for-STM32/bin/../lib/gcc/arm-none-eabi/12.3.1/thumb/v7e-m+fp/hard/crtbegin.o

.rodata         0x08001474       0x10
                0x08001474                        . = ALIGN (0x4)
 *(.rodata)
 *(.rodata*)
 .rodata.AHBPrescTable
                0x08001474       0x10 CMakeFiles/battery_management_system_25.dir/Core/Src/system_stm32f4xx.c.obj
                0x08001474                AHBPrescTable
                0x08001484                        . = ALIGN (0x4)

.ARM.extab
 *(.ARM.extab* .gnu.linkonce.armextab.*)

.ARM            0x08001484        0x8
                0x08001484                        __exidx_start = .
 *(.ARM.exidx*)
 .ARM.exidx     0x08001484        0x8 C:/ST/STM32CubeCLT_1.16.0/GNU-tools-for-STM32/bin/../lib/gcc/arm-none-eabi/12.3.1/thumb/v7e-m+fp/hard\libgcc.a(_udivmoddi4.o)
                0x0800148c                        __exidx_end = .

.rel.dyn        0x0800148c        0x0
 .rel.iplt      0x0800148c        0x0 C:/ST/STM32CubeCLT_1.16.0/GNU-tools-for-STM32/bin/../lib/gcc/arm-none-eabi/12.3.1/thumb/v7e-m+fp/hard/crtbegin.o

.preinit_array  0x0800148c        0x0
                0x0800148c                        PROVIDE (__preinit_array_start = .)
 *(.preinit_array*)
                0x0800148c                        PROVIDE (__preinit_array_end = .)

.init_array     0x0800148c        0x4
                0x0800148c                        PROVIDE (__init_array_start = .)
 *(SORT_BY_NAME(.init_array.*))
 *(.init_array*)
 .init_array    0x0800148c        0x4 C:/ST/STM32CubeCLT_1.16.0/GNU-tools-for-STM32/bin/../lib/gcc/arm-none-eabi/12.3.1/thumb/v7e-m+fp/hard/crtbegin.o
                0x08001490                        PROVIDE (__init_array_end = .)

.fini_array     0x08001490        0x4
                [!provide]                        PROVIDE (__fini_array_start = .)
 *(SORT_BY_NAME(.fini_array.*))
 *(.fini_array*)
 .fini_array    0x08001490        0x4 C:/ST/STM32CubeCLT_1.16.0/GNU-tools-for-STM32/bin/../lib/gcc/arm-none-eabi/12.3.1/thumb/v7e-m+fp/hard/crtbegin.o
                [!provide]                        PROVIDE (__fini_array_end = .)
                0x08001494                        _sidata = LOADADDR (.data)

.data           0x20000000        0xc load address 0x08001494
                0x20000000                        . = ALIGN (0x4)
                0x20000000                        _sdata = .
 *(.data)
 *(.data*)
 .data.uwTickPrio
                0x20000000        0x4 CMakeFiles/battery_management_system_25.dir/Drivers/STM32F4xx_HAL_Driver/Src/stm32f4xx_hal.c.obj
                0x20000000                uwTickPrio
 .data.uwTickFreq
                0x20000004        0x1 CMakeFiles/battery_management_system_25.dir/Drivers/STM32F4xx_HAL_Driver/Src/stm32f4xx_hal.c.obj
                0x20000004                uwTickFreq
 *fill*         0x20000005        0x3 
 .data.SystemCoreClock
                0x20000008        0x4 CMakeFiles/battery_management_system_25.dir/Core/Src/system_stm32f4xx.c.obj
                0x20000008                SystemCoreClock
                0x2000000c                        . = ALIGN (0x4)
                0x2000000c                        _edata = .

.igot.plt       0x2000000c        0x0 load address 0x080014a0
 .igot.plt      0x2000000c        0x0 C:/ST/STM32CubeCLT_1.16.0/GNU-tools-for-STM32/bin/../lib/gcc/arm-none-eabi/12.3.1/thumb/v7e-m+fp/hard/crtbegin.o
                0x2000000c                        . = ALIGN (0x4)

.bss            0x2000000c       0x20 load address 0x080014a0
                0x2000000c                        _sbss = .
                0x2000000c                        __bss_start__ = _sbss
 *(.bss)
 .bss           0x2000000c       0x1c C:/ST/STM32CubeCLT_1.16.0/GNU-tools-for-STM32/bin/../lib/gcc/arm-none-eabi/12.3.1/thumb/v7e-m+fp/hard/crtbegin.o
 *(.bss*)
 .bss.uwTick    0x20000028        0x4 CMakeFiles/battery_management_system_25.dir/Drivers/STM32F4xx_HAL_Driver/Src/stm32f4xx_hal.c.obj
                0x20000028                uwTick
 *(COMMON)
                0x2000002c                        . = ALIGN (0x4)
                0x2000002c                        _ebss = .
                0x2000002c                        __bss_end__ = _ebss

._user_heap_stack
                0x2000002c      0x604 load address 0x080014a0
                0x20000030                        . = ALIGN (0x8)
 *fill*         0x2000002c        0x4 
                [!provide]                        PROVIDE (end = .)
                0x20000030                        PROVIDE (_end = .)
                0x20000230                        . = (. + _Min_Heap_Size)
 *fill*         0x20000030      0x200 
                0x20000630                        . = (. + _Min_Stack_Size)
 *fill*         0x20000230      0x400 
                0x20000630                        . = ALIGN (0x8)

/DISCARD/
 libc.a(*)
 libm.a(*)
 libgcc.a(*)

.ARM.attributes
                0x00000000       0x30
 *(.ARM.attributes)
 .ARM.attributes
                0x00000000       0x22 C:/ST/STM32CubeCLT_1.16.0/GNU-tools-for-STM32/bin/../lib/gcc/arm-none-eabi/12.3.1/thumb/v7e-m+fp/hard/crti.o
 .ARM.attributes
                0x00000022       0x34 C:/ST/STM32CubeCLT_1.16.0/GNU-tools-for-STM32/bin/../lib/gcc/arm-none-eabi/12.3.1/thumb/v7e-m+fp/hard/crtbegin.o
 .ARM.attributes
                0x00000056       0x34 C:/ST/STM32CubeCLT_1.16.0/GNU-tools-for-STM32/bin/../lib/gcc/arm-none-eabi/12.3.1/../../../../arm-none-eabi/lib/thumb/v7e-m+fp/hard\libc_nano.a(libc_a-memset.o)
 .ARM.attributes
                0x0000008a       0x34 C:/ST/STM32CubeCLT_1.16.0/GNU-tools-for-STM32/bin/../lib/gcc/arm-none-eabi/12.3.1/../../../../arm-none-eabi/lib/thumb/v7e-m+fp/hard\libc_nano.a(libc_a-init.o)
 .ARM.attributes
                0x000000be       0x34 CMakeFiles/battery_management_system_25.dir/Core/Src/main.c.obj
 .ARM.attributes
                0x000000f2       0x34 CMakeFiles/battery_management_system_25.dir/Core/Src/stm32f4xx_it.c.obj
 .ARM.attributes
                0x00000126       0x34 CMakeFiles/battery_management_system_25.dir/Core/Src/stm32f4xx_hal_msp.c.obj
 .ARM.attributes
                0x0000015a       0x34 CMakeFiles/battery_management_system_25.dir/Drivers/STM32F4xx_HAL_Driver/Src/stm32f4xx_hal_rcc.c.obj
 .ARM.attributes
                0x0000018e       0x34 CMakeFiles/battery_management_system_25.dir/Drivers/STM32F4xx_HAL_Driver/Src/stm32f4xx_hal_rcc_ex.c.obj
 .ARM.attributes
                0x000001c2       0x34 CMakeFiles/battery_management_system_25.dir/Drivers/STM32F4xx_HAL_Driver/Src/stm32f4xx_hal_cortex.c.obj
 .ARM.attributes
                0x000001f6       0x34 CMakeFiles/battery_management_system_25.dir/Drivers/STM32F4xx_HAL_Driver/Src/stm32f4xx_hal.c.obj
 .ARM.attributes
                0x0000022a       0x34 CMakeFiles/battery_management_system_25.dir/Core/Src/system_stm32f4xx.c.obj
 .ARM.attributes
                0x0000025e       0x21 CMakeFiles/battery_management_system_25.dir/startup_stm32f446xx.s.obj
 .ARM.attributes
                0x0000027f       0x22 C:/ST/STM32CubeCLT_1.16.0/GNU-tools-for-STM32/bin/../lib/gcc/arm-none-eabi/12.3.1/thumb/v7e-m+fp/hard\libgcc.a(_aeabi_uldivmod.o)
 .ARM.attributes
                0x000002a1       0x34 C:/ST/STM32CubeCLT_1.16.0/GNU-tools-for-STM32/bin/../lib/gcc/arm-none-eabi/12.3.1/thumb/v7e-m+fp/hard\libgcc.a(_udivmoddi4.o)
 .ARM.attributes
                0x000002d5       0x22 C:/ST/STM32CubeCLT_1.16.0/GNU-tools-for-STM32/bin/../lib/gcc/arm-none-eabi/12.3.1/thumb/v7e-m+fp/hard\libgcc.a(_dvmd_tls.o)
 .ARM.attributes
                0x000002f7       0x22 C:/ST/STM32CubeCLT_1.16.0/GNU-tools-for-STM32/bin/../lib/gcc/arm-none-eabi/12.3.1/thumb/v7e-m+fp/hard/crtn.o
OUTPUT(battery_management_system_25.elf elf32-littlearm)
LOAD linker stubs
LOAD C:/ST/STM32CubeCLT_1.16.0/GNU-tools-for-STM32/bin/../lib/gcc/arm-none-eabi/12.3.1/../../../../arm-none-eabi/lib/thumb/v7e-m+fp/hard\libc.a
LOAD C:/ST/STM32CubeCLT_1.16.0/GNU-tools-for-STM32/bin/../lib/gcc/arm-none-eabi/12.3.1/../../../../arm-none-eabi/lib/thumb/v7e-m+fp/hard\libm.a
LOAD C:/ST/STM32CubeCLT_1.16.0/GNU-tools-for-STM32/bin/../lib/gcc/arm-none-eabi/12.3.1/thumb/v7e-m+fp/hard\libgcc.a

.debug_frame    0x00000000      0xf00
 .debug_frame   0x00000000       0x20 C:/ST/STM32CubeCLT_1.16.0/GNU-tools-for-STM32/bin/../lib/gcc/arm-none-eabi/12.3.1/../../../../arm-none-eabi/lib/thumb/v7e-m+fp/hard\libc_nano.a(libc_a-memset.o)
 .debug_frame   0x00000020       0x2c C:/ST/STM32CubeCLT_1.16.0/GNU-tools-for-STM32/bin/../lib/gcc/arm-none-eabi/12.3.1/../../../../arm-none-eabi/lib/thumb/v7e-m+fp/hard\libc_nano.a(libc_a-init.o)
 .debug_frame   0x0000004c       0x68 CMakeFiles/battery_management_system_25.dir/Core/Src/main.c.obj
 .debug_frame   0x000000b4      0x104 CMakeFiles/battery_management_system_25.dir/Core/Src/stm32f4xx_it.c.obj
 .debug_frame   0x000001b8       0x38 CMakeFiles/battery_management_system_25.dir/Core/Src/stm32f4xx_hal_msp.c.obj
 .debug_frame   0x000001f0      0x1f4 CMakeFiles/battery_management_system_25.dir/Drivers/STM32F4xx_HAL_Driver/Src/stm32f4xx_hal_rcc.c.obj
 .debug_frame   0x000003e4      0x1e8 CMakeFiles/battery_management_system_25.dir/Drivers/STM32F4xx_HAL_Driver/Src/stm32f4xx_hal_rcc_ex.c.obj
 .debug_frame   0x000005cc      0x508 CMakeFiles/battery_management_system_25.dir/Drivers/STM32F4xx_HAL_Driver/Src/stm32f4xx_hal_cortex.c.obj
 .debug_frame   0x00000ad4      0x374 CMakeFiles/battery_management_system_25.dir/Drivers/STM32F4xx_HAL_Driver/Src/stm32f4xx_hal.c.obj
 .debug_frame   0x00000e48       0x58 CMakeFiles/battery_management_system_25.dir/Core/Src/system_stm32f4xx.c.obj
 .debug_frame   0x00000ea0       0x2c C:/ST/STM32CubeCLT_1.16.0/GNU-tools-for-STM32/bin/../lib/gcc/arm-none-eabi/12.3.1/thumb/v7e-m+fp/hard\libgcc.a(_aeabi_uldivmod.o)
 .debug_frame   0x00000ecc       0x34 C:/ST/STM32CubeCLT_1.16.0/GNU-tools-for-STM32/bin/../lib/gcc/arm-none-eabi/12.3.1/thumb/v7e-m+fp/hard\libgcc.a(_udivmoddi4.o)

.debug_info     0x00000000     0x378a
 .debug_info    0x00000000      0x4e0 CMakeFiles/battery_management_system_25.dir/Core/Src/main.c.obj
 .debug_info    0x000004e0      0x112 CMakeFiles/battery_management_system_25.dir/Core/Src/stm32f4xx_it.c.obj
 .debug_info    0x000005f2      0x299 CMakeFiles/battery_management_system_25.dir/Core/Src/stm32f4xx_hal_msp.c.obj
 .debug_info    0x0000088b      0x8eb CMakeFiles/battery_management_system_25.dir/Drivers/STM32F4xx_HAL_Driver/Src/stm32f4xx_hal_rcc.c.obj
 .debug_info    0x00001176      0x956 CMakeFiles/battery_management_system_25.dir/Drivers/STM32F4xx_HAL_Driver/Src/stm32f4xx_hal_rcc_ex.c.obj
 .debug_info    0x00001acc      0xdaa CMakeFiles/battery_management_system_25.dir/Drivers/STM32F4xx_HAL_Driver/Src/stm32f4xx_hal_cortex.c.obj
 .debug_info    0x00002876      0x99a CMakeFiles/battery_management_system_25.dir/Drivers/STM32F4xx_HAL_Driver/Src/stm32f4xx_hal.c.obj
 .debug_info    0x00003210      0x54a CMakeFiles/battery_management_system_25.dir/Core/Src/system_stm32f4xx.c.obj
 .debug_info    0x0000375a       0x30 CMakeFiles/battery_management_system_25.dir/startup_stm32f446xx.s.obj

.debug_abbrev   0x00000000      0xe3e
 .debug_abbrev  0x00000000      0x1c3 CMakeFiles/battery_management_system_25.dir/Core/Src/main.c.obj
 .debug_abbrev  0x000001c3       0x73 CMakeFiles/battery_management_system_25.dir/Core/Src/stm32f4xx_it.c.obj
 .debug_abbrev  0x00000236       0xd8 CMakeFiles/battery_management_system_25.dir/Core/Src/stm32f4xx_hal_msp.c.obj
 .debug_abbrev  0x0000030e      0x2b7 CMakeFiles/battery_management_system_25.dir/Drivers/STM32F4xx_HAL_Driver/Src/stm32f4xx_hal_rcc.c.obj
 .debug_abbrev  0x000005c5      0x20a CMakeFiles/battery_management_system_25.dir/Drivers/STM32F4xx_HAL_Driver/Src/stm32f4xx_hal_rcc_ex.c.obj
 .debug_abbrev  0x000007cf      0x31d CMakeFiles/battery_management_system_25.dir/Drivers/STM32F4xx_HAL_Driver/Src/stm32f4xx_hal_cortex.c.obj
 .debug_abbrev  0x00000aec      0x214 CMakeFiles/battery_management_system_25.dir/Drivers/STM32F4xx_HAL_Driver/Src/stm32f4xx_hal.c.obj
 .debug_abbrev  0x00000d00      0x11a CMakeFiles/battery_management_system_25.dir/Core/Src/system_stm32f4xx.c.obj
 .debug_abbrev  0x00000e1a       0x24 CMakeFiles/battery_management_system_25.dir/startup_stm32f446xx.s.obj

.debug_aranges  0x00000000      0x420
 .debug_aranges
                0x00000000       0x30 CMakeFiles/battery_management_system_25.dir/Core/Src/main.c.obj
 .debug_aranges
                0x00000030       0x60 CMakeFiles/battery_management_system_25.dir/Core/Src/stm32f4xx_it.c.obj
 .debug_aranges
                0x00000090       0x20 CMakeFiles/battery_management_system_25.dir/Core/Src/stm32f4xx_hal_msp.c.obj
 .debug_aranges
                0x000000b0       0x88 CMakeFiles/battery_management_system_25.dir/Drivers/STM32F4xx_HAL_Driver/Src/stm32f4xx_hal_rcc.c.obj
 .debug_aranges
                0x00000138       0x78 CMakeFiles/battery_management_system_25.dir/Drivers/STM32F4xx_HAL_Driver/Src/stm32f4xx_hal_rcc_ex.c.obj
 .debug_aranges
                0x000001b0      0x130 CMakeFiles/battery_management_system_25.dir/Drivers/STM32F4xx_HAL_Driver/Src/stm32f4xx_hal_cortex.c.obj
 .debug_aranges
                0x000002e0       0xf0 CMakeFiles/battery_management_system_25.dir/Drivers/STM32F4xx_HAL_Driver/Src/stm32f4xx_hal.c.obj
 .debug_aranges
                0x000003d0       0x28 CMakeFiles/battery_management_system_25.dir/Core/Src/system_stm32f4xx.c.obj
 .debug_aranges
                0x000003f8       0x28 CMakeFiles/battery_management_system_25.dir/startup_stm32f446xx.s.obj

.debug_rnglists
                0x00000000      0x2fc
 .debug_rnglists
                0x00000000       0x20 CMakeFiles/battery_management_system_25.dir/Core/Src/main.c.obj
 .debug_rnglists
                0x00000020       0x43 CMakeFiles/battery_management_system_25.dir/Core/Src/stm32f4xx_it.c.obj
 .debug_rnglists
                0x00000063       0x13 CMakeFiles/battery_management_system_25.dir/Core/Src/stm32f4xx_hal_msp.c.obj
 .debug_rnglists
                0x00000076       0x66 CMakeFiles/battery_management_system_25.dir/Drivers/STM32F4xx_HAL_Driver/Src/stm32f4xx_hal_rcc.c.obj
 .debug_rnglists
                0x000000dc       0x5e CMakeFiles/battery_management_system_25.dir/Drivers/STM32F4xx_HAL_Driver/Src/stm32f4xx_hal_rcc_ex.c.obj
 .debug_rnglists
                0x0000013a       0xe0 CMakeFiles/battery_management_system_25.dir/Drivers/STM32F4xx_HAL_Driver/Src/stm32f4xx_hal_cortex.c.obj
 .debug_rnglists
                0x0000021a       0xaf CMakeFiles/battery_management_system_25.dir/Drivers/STM32F4xx_HAL_Driver/Src/stm32f4xx_hal.c.obj
 .debug_rnglists
                0x000002c9       0x1a CMakeFiles/battery_management_system_25.dir/Core/Src/system_stm32f4xx.c.obj
 .debug_rnglists
                0x000002e3       0x19 CMakeFiles/battery_management_system_25.dir/startup_stm32f446xx.s.obj

.debug_macro    0x00000000    0x1fadb
 .debug_macro   0x00000000      0x1ba CMakeFiles/battery_management_system_25.dir/Core/Src/main.c.obj
 .debug_macro   0x000001ba      0xab4 CMakeFiles/battery_management_system_25.dir/Core/Src/main.c.obj
 .debug_macro   0x00000c6e      0x28f CMakeFiles/battery_management_system_25.dir/Core/Src/main.c.obj
 .debug_macro   0x00000efd       0x2e CMakeFiles/battery_management_system_25.dir/Core/Src/main.c.obj
 .debug_macro   0x00000f2b       0x28 CMakeFiles/battery_management_system_25.dir/Core/Src/main.c.obj
 .debug_macro   0x00000f53       0x22 CMakeFiles/battery_management_system_25.dir/Core/Src/main.c.obj
 .debug_macro   0x00000f75       0x8e CMakeFiles/battery_management_system_25.dir/Core/Src/main.c.obj
 .debug_macro   0x00001003       0x51 CMakeFiles/battery_management_system_25.dir/Core/Src/main.c.obj
 .debug_macro   0x00001054      0x103 CMakeFiles/battery_management_system_25.dir/Core/Src/main.c.obj
 .debug_macro   0x00001157       0x6a CMakeFiles/battery_management_system_25.dir/Core/Src/main.c.obj
 .debug_macro   0x000011c1      0x1df CMakeFiles/battery_management_system_25.dir/Core/Src/main.c.obj
 .debug_macro   0x000013a0       0x1c CMakeFiles/battery_management_system_25.dir/Core/Src/main.c.obj
 .debug_macro   0x000013bc       0x22 CMakeFiles/battery_management_system_25.dir/Core/Src/main.c.obj
 .debug_macro   0x000013de       0xfb CMakeFiles/battery_management_system_25.dir/Core/Src/main.c.obj
 .debug_macro   0x000014d9     0x1011 CMakeFiles/battery_management_system_25.dir/Core/Src/main.c.obj
 .debug_macro   0x000024ea      0x11f CMakeFiles/battery_management_system_25.dir/Core/Src/main.c.obj
 .debug_macro   0x00002609    0x16749 CMakeFiles/battery_management_system_25.dir/Core/Src/main.c.obj
 .debug_macro   0x00018d52       0x6d CMakeFiles/battery_management_system_25.dir/Core/Src/main.c.obj
 .debug_macro   0x00018dbf     0x369a CMakeFiles/battery_management_system_25.dir/Core/Src/main.c.obj
 .debug_macro   0x0001c459      0x189 CMakeFiles/battery_management_system_25.dir/Core/Src/main.c.obj
 .debug_macro   0x0001c5e2       0x5c CMakeFiles/battery_management_system_25.dir/Core/Src/main.c.obj
 .debug_macro   0x0001c63e      0xca5 CMakeFiles/battery_management_system_25.dir/Core/Src/main.c.obj
 .debug_macro   0x0001d2e3      0x9e9 CMakeFiles/battery_management_system_25.dir/Core/Src/main.c.obj
 .debug_macro   0x0001dccc      0x115 CMakeFiles/battery_management_system_25.dir/Core/Src/main.c.obj
 .debug_macro   0x0001dde1      0x1a0 CMakeFiles/battery_management_system_25.dir/Core/Src/main.c.obj
 .debug_macro   0x0001df81       0xa5 CMakeFiles/battery_management_system_25.dir/Core/Src/main.c.obj
 .debug_macro   0x0001e026      0x16d CMakeFiles/battery_management_system_25.dir/Core/Src/main.c.obj
 .debug_macro   0x0001e193      0x287 CMakeFiles/battery_management_system_25.dir/Core/Src/main.c.obj
 .debug_macro   0x0001e41a       0x5f CMakeFiles/battery_management_system_25.dir/Core/Src/main.c.obj
 .debug_macro   0x0001e479      0x236 CMakeFiles/battery_management_system_25.dir/Core/Src/main.c.obj
 .debug_macro   0x0001e6af      0x132 CMakeFiles/battery_management_system_25.dir/Core/Src/main.c.obj
 .debug_macro   0x0001e7e1      0x29c CMakeFiles/battery_management_system_25.dir/Core/Src/main.c.obj
 .debug_macro   0x0001ea7d       0x2e CMakeFiles/battery_management_system_25.dir/Core/Src/main.c.obj
 .debug_macro   0x0001eaab      0x127 CMakeFiles/battery_management_system_25.dir/Core/Src/main.c.obj
 .debug_macro   0x0001ebd2       0xe8 CMakeFiles/battery_management_system_25.dir/Core/Src/main.c.obj
 .debug_macro   0x0001ecba       0x89 CMakeFiles/battery_management_system_25.dir/Core/Src/main.c.obj
 .debug_macro   0x0001ed43      0x126 CMakeFiles/battery_management_system_25.dir/Core/Src/main.c.obj
 .debug_macro   0x0001ee69      0x1c4 CMakeFiles/battery_management_system_25.dir/Core/Src/stm32f4xx_it.c.obj
 .debug_macro   0x0001f02d      0x1ba CMakeFiles/battery_management_system_25.dir/Core/Src/stm32f4xx_hal_msp.c.obj
 .debug_macro   0x0001f1e7      0x1d4 CMakeFiles/battery_management_system_25.dir/Drivers/STM32F4xx_HAL_Driver/Src/stm32f4xx_hal_rcc.c.obj
 .debug_macro   0x0001f3bb      0x1b0 CMakeFiles/battery_management_system_25.dir/Drivers/STM32F4xx_HAL_Driver/Src/stm32f4xx_hal_rcc_ex.c.obj
 .debug_macro   0x0001f56b      0x1b0 CMakeFiles/battery_management_system_25.dir/Drivers/STM32F4xx_HAL_Driver/Src/stm32f4xx_hal_cortex.c.obj
 .debug_macro   0x0001f71b      0x210 CMakeFiles/battery_management_system_25.dir/Drivers/STM32F4xx_HAL_Driver/Src/stm32f4xx_hal.c.obj
 .debug_macro   0x0001f92b      0x1b0 CMakeFiles/battery_management_system_25.dir/Core/Src/system_stm32f4xx.c.obj

.debug_line     0x00000000     0x5a6a
 .debug_line    0x00000000      0x7eb CMakeFiles/battery_management_system_25.dir/Core/Src/main.c.obj
 .debug_line    0x000007eb      0x842 CMakeFiles/battery_management_system_25.dir/Core/Src/stm32f4xx_it.c.obj
 .debug_line    0x0000102d      0x780 CMakeFiles/battery_management_system_25.dir/Core/Src/stm32f4xx_hal_msp.c.obj
 .debug_line    0x000017ad      0xe02 CMakeFiles/battery_management_system_25.dir/Drivers/STM32F4xx_HAL_Driver/Src/stm32f4xx_hal_rcc.c.obj
 .debug_line    0x000025af     0x1471 CMakeFiles/battery_management_system_25.dir/Drivers/STM32F4xx_HAL_Driver/Src/stm32f4xx_hal_rcc_ex.c.obj
 .debug_line    0x00003a20      0xd5f CMakeFiles/battery_management_system_25.dir/Drivers/STM32F4xx_HAL_Driver/Src/stm32f4xx_hal_cortex.c.obj
 .debug_line    0x0000477f      0xa6d CMakeFiles/battery_management_system_25.dir/Drivers/STM32F4xx_HAL_Driver/Src/stm32f4xx_hal.c.obj
 .debug_line    0x000051ec      0x804 CMakeFiles/battery_management_system_25.dir/Core/Src/system_stm32f4xx.c.obj
 .debug_line    0x000059f0       0x7a CMakeFiles/battery_management_system_25.dir/startup_stm32f446xx.s.obj

.debug_str      0x00000000    0xc201e
 .debug_str     0x00000000    0xc0737 CMakeFiles/battery_management_system_25.dir/Core/Src/main.c.obj
                              0xc09bd (size before relaxing)
 .debug_str     0x000c0737      0x10e CMakeFiles/battery_management_system_25.dir/Core/Src/stm32f4xx_it.c.obj
                              0xc076b (size before relaxing)
 .debug_str     0x000c0845       0x71 CMakeFiles/battery_management_system_25.dir/Core/Src/stm32f4xx_hal_msp.c.obj
                              0xc080a (size before relaxing)
 .debug_str     0x000c08b6      0x387 CMakeFiles/battery_management_system_25.dir/Drivers/STM32F4xx_HAL_Driver/Src/stm32f4xx_hal_rcc.c.obj
                              0xc0cf3 (size before relaxing)
 .debug_str     0x000c0c3d      0x369 CMakeFiles/battery_management_system_25.dir/Drivers/STM32F4xx_HAL_Driver/Src/stm32f4xx_hal_rcc_ex.c.obj
                              0xc0d26 (size before relaxing)
 .debug_str     0x000c0fa6      0x9a5 CMakeFiles/battery_management_system_25.dir/Drivers/STM32F4xx_HAL_Driver/Src/stm32f4xx_hal_cortex.c.obj
                              0xc11d6 (size before relaxing)
 .debug_str     0x000c194b      0x5ca CMakeFiles/battery_management_system_25.dir/Drivers/STM32F4xx_HAL_Driver/Src/stm32f4xx_hal.c.obj
                              0xc147f (size before relaxing)
 .debug_str     0x000c1f15       0x8f CMakeFiles/battery_management_system_25.dir/Core/Src/system_stm32f4xx.c.obj
                              0xc08ba (size before relaxing)
 .debug_str     0x000c1fa4       0x7a CMakeFiles/battery_management_system_25.dir/startup_stm32f446xx.s.obj
                                 0xce (size before relaxing)

.comment        0x00000000       0x43
 .comment       0x00000000       0x43 CMakeFiles/battery_management_system_25.dir/Core/Src/main.c.obj
                                 0x44 (size before relaxing)
 .comment       0x00000043       0x44 CMakeFiles/battery_management_system_25.dir/Core/Src/stm32f4xx_it.c.obj
 .comment       0x00000043       0x44 CMakeFiles/battery_management_system_25.dir/Core/Src/stm32f4xx_hal_msp.c.obj
 .comment       0x00000043       0x44 CMakeFiles/battery_management_system_25.dir/Drivers/STM32F4xx_HAL_Driver/Src/stm32f4xx_hal_rcc.c.obj
 .comment       0x00000043       0x44 CMakeFiles/battery_management_system_25.dir/Drivers/STM32F4xx_HAL_Driver/Src/stm32f4xx_hal_rcc_ex.c.obj
 .comment       0x00000043       0x44 CMakeFiles/battery_management_system_25.dir/Drivers/STM32F4xx_HAL_Driver/Src/stm32f4xx_hal_cortex.c.obj
 .comment       0x00000043       0x44 CMakeFiles/battery_management_system_25.dir/Drivers/STM32F4xx_HAL_Driver/Src/stm32f4xx_hal.c.obj
 .comment       0x00000043       0x44 CMakeFiles/battery_management_system_25.dir/Core/Src/system_stm32f4xx.c.obj

.debug_line_str
                0x00000000       0xb2
 .debug_line_str
                0x00000000       0xb2 CMakeFiles/battery_management_system_25.dir/startup_stm32f446xx.s.obj
